
> nextcrm-app@0.0.3-beta build /Users/stapo/Desktop/Oikion/MVP
> prisma generate --no-engine && prisma db push && prisma db seed && next build

warn The configuration property `package.json#prisma` is deprecated and will be removed in Prisma 7. Please migrate to a Prisma config file (e.g., `prisma.config.ts`).
For more information, see: https://pris.ly/prisma-config

Environment variables loaded from .env
Prisma schema loaded from prisma/schema.prisma

✔ Generated Prisma Client (v6.18.0, engine=none) to ./node_modules/.pnpm/@prisma+client@6.18.0_prisma@6.18.0_typescript@5.9.3__typescript@5.9.3/node_modules/@prisma/client in 125ms

Start by importing your Prisma Client (See: https://pris.ly/d/importing-client)

Tip: Want to turn off tips and other hints? https://pris.ly/tip-4-nohints

warn The configuration property `package.json#prisma` is deprecated and will be removed in Prisma 7. Please migrate to a Prisma config file (e.g., `prisma.config.ts`).
For more information, see: https://pris.ly/prisma-config

Environment variables loaded from .env
Prisma schema loaded from prisma/schema.prisma
Datasource "db": PostgreSQL database "postgres", schema "public" at "accelerate.prisma-data.net"

The database is already in sync with the Prisma schema.

Running generate... (Use --skip-generate to skip the generators)
[2K[1A[2K[GRunning generate... - Prisma Client
[2K[1A[2K[G✔ Generated Prisma Client (v6.18.0, engine=none) to 
./node_modules/.pnpm/@prisma+client@6.18.0_prisma@6.18.0_typescript@5.9.3__types
cript@5.9.3/node_modules/@prisma/client in 172ms

warn The configuration property `package.json#prisma` is deprecated and will be removed in Prisma 7. Please migrate to a Prisma config file (e.g., `prisma.config.ts`).
For more information, see: https://pris.ly/prisma-config

Environment variables loaded from .env
Running seed command `ts-node ./prisma/seeds/seed.ts` ...
-------- Seeding DB --------
PrismaClientKnownRequestError: 
Invalid `prisma.system_Modules_Enabled.findMany()` invocation in
/Users/stapo/Desktop/Oikion/MVP/prisma/seeds/seed.ts:22:55

  19 console.log("-------- Seeding DB --------");
  20 
  21 //Seed Menu Items
→ 22 const modules = await prisma.system_Modules_Enabled.findMany(
This request could not be understood by the server: {"type":"UnknownJsonError","body":{"code":"P6008","message":"Accelerate was not able to connect to your database. The underlying error is: failed to download after 5 attempts: bad status downloading https://binaries.prisma.sh/all_commits/34b5a692b7bd79939a9a2c3ef97d816e749cda2f/linux-arm64-openssl-3.0.x/query-engine.gz: 500 Internal Server Error"}} (The request id was: 9a074e96582fd7bd)
    at ei.handleRequestError (/Users/stapo/Desktop/Oikion/MVP/node_modules/.pnpm/@prisma+client@6.18.0_prisma@6.18.0_typescript@5.9.3__typescript@5.9.3/node_modules/@prisma/client/src/runtime/RequestHandler.ts:228:13)
    at ei.handleAndLogRequestError (/Users/stapo/Desktop/Oikion/MVP/node_modules/.pnpm/@prisma+client@6.18.0_prisma@6.18.0_typescript@5.9.3__typescript@5.9.3/node_modules/@prisma/client/src/runtime/RequestHandler.ts:174:12)
    at ei.request (/Users/stapo/Desktop/Oikion/MVP/node_modules/.pnpm/@prisma+client@6.18.0_prisma@6.18.0_typescript@5.9.3__typescript@5.9.3/node_modules/@prisma/client/src/runtime/RequestHandler.ts:143:12)
    at processTicksAndRejections (node:internal/process/task_queues:95:5)
    at async a (/Users/stapo/Desktop/Oikion/MVP/node_modules/.pnpm/@prisma+client@6.18.0_prisma@6.18.0_typescript@5.9.3__typescript@5.9.3/node_modules/@prisma/client/src/runtime/getPrismaClient.ts:833:24) {
  code: 'P5000',
  meta: { modelName: 'system_Modules_Enabled' },
  clientVersion: '6.18.0'
}

An error occurred while running the seed command:
Error: Command failed with exit code 1: ts-node ./prisma/seeds/seed.ts
 ELIFECYCLE  Command failed with exit code 1.
